// Jest Snapshot v1, https://goo.gl/fbAQLP

exports[`Components | DetailsCard renders without crashing 1`] = `
<WithStyles(ForwardRef(Card))
  className="makeStyles-card-1"
>
  <ForwardRef(Card)
    className="makeStyles-card-1"
    classes={
      Object {
        "root": "MuiCard-root",
      }
    }
  >
    <WithStyles(ForwardRef(Paper))
      className="MuiCard-root makeStyles-card-1"
      elevation={1}
    >
      <ForwardRef(Paper)
        className="MuiCard-root makeStyles-card-1"
        classes={
          Object {
            "elevation0": "MuiPaper-elevation0",
            "elevation1": "MuiPaper-elevation1",
            "elevation10": "MuiPaper-elevation10",
            "elevation11": "MuiPaper-elevation11",
            "elevation12": "MuiPaper-elevation12",
            "elevation13": "MuiPaper-elevation13",
            "elevation14": "MuiPaper-elevation14",
            "elevation15": "MuiPaper-elevation15",
            "elevation16": "MuiPaper-elevation16",
            "elevation17": "MuiPaper-elevation17",
            "elevation18": "MuiPaper-elevation18",
            "elevation19": "MuiPaper-elevation19",
            "elevation2": "MuiPaper-elevation2",
            "elevation20": "MuiPaper-elevation20",
            "elevation21": "MuiPaper-elevation21",
            "elevation22": "MuiPaper-elevation22",
            "elevation23": "MuiPaper-elevation23",
            "elevation24": "MuiPaper-elevation24",
            "elevation3": "MuiPaper-elevation3",
            "elevation4": "MuiPaper-elevation4",
            "elevation5": "MuiPaper-elevation5",
            "elevation6": "MuiPaper-elevation6",
            "elevation7": "MuiPaper-elevation7",
            "elevation8": "MuiPaper-elevation8",
            "elevation9": "MuiPaper-elevation9",
            "root": "MuiPaper-root",
            "rounded": "MuiPaper-rounded",
          }
        }
        elevation={1}
      >
        <div
          className="MuiPaper-root MuiPaper-elevation1 MuiCard-root makeStyles-card-1 MuiPaper-rounded"
        >
          <WithStyles(ForwardRef(Typography))
            className="makeStyles-title-5"
            component="h2"
            gutterBottom={true}
            variant="h5"
          >
            <ForwardRef(Typography)
              className="makeStyles-title-5"
              classes={
                Object {
                  "alignCenter": "MuiTypography-alignCenter",
                  "alignJustify": "MuiTypography-alignJustify",
                  "alignLeft": "MuiTypography-alignLeft",
                  "alignRight": "MuiTypography-alignRight",
                  "body1": "MuiTypography-body1",
                  "body2": "MuiTypography-body2",
                  "button": "MuiTypography-button",
                  "caption": "MuiTypography-caption",
                  "colorError": "MuiTypography-colorError",
                  "colorInherit": "MuiTypography-colorInherit",
                  "colorPrimary": "MuiTypography-colorPrimary",
                  "colorSecondary": "MuiTypography-colorSecondary",
                  "colorTextPrimary": "MuiTypography-colorTextPrimary",
                  "colorTextSecondary": "MuiTypography-colorTextSecondary",
                  "displayBlock": "MuiTypography-displayBlock",
                  "displayInline": "MuiTypography-displayInline",
                  "gutterBottom": "MuiTypography-gutterBottom",
                  "h1": "MuiTypography-h1",
                  "h2": "MuiTypography-h2",
                  "h3": "MuiTypography-h3",
                  "h4": "MuiTypography-h4",
                  "h5": "MuiTypography-h5",
                  "h6": "MuiTypography-h6",
                  "noWrap": "MuiTypography-noWrap",
                  "overline": "MuiTypography-overline",
                  "paragraph": "MuiTypography-paragraph",
                  "root": "MuiTypography-root",
                  "srOnly": "MuiTypography-srOnly",
                  "subtitle1": "MuiTypography-subtitle1",
                  "subtitle2": "MuiTypography-subtitle2",
                }
              }
              component="h2"
              gutterBottom={true}
              variant="h5"
            >
              <h2
                className="MuiTypography-root makeStyles-title-5 MuiTypography-h5 MuiTypography-gutterBottom"
              >
                Test title
              </h2>
            </ForwardRef(Typography)>
          </WithStyles(ForwardRef(Typography))>
          <WithStyles(ForwardRef(CardMedia))
            className="makeStyles-cover-4"
            image="test-image.jpeg"
            title="Test title"
          >
            <ForwardRef(CardMedia)
              className="makeStyles-cover-4"
              classes={
                Object {
                  "img": "MuiCardMedia-img",
                  "media": "MuiCardMedia-media",
                  "root": "MuiCardMedia-root",
                }
              }
              image="test-image.jpeg"
              title="Test title"
            >
              <div
                className="MuiCardMedia-root makeStyles-cover-4"
                style={
                  Object {
                    "backgroundImage": "url(\\"test-image.jpeg\\")",
                  }
                }
                title="Test title"
              />
            </ForwardRef(CardMedia)>
          </WithStyles(ForwardRef(CardMedia))>
          <WithStyles(ForwardRef(CardContent))
            className="makeStyles-content-2"
          >
            <ForwardRef(CardContent)
              className="makeStyles-content-2"
              classes={
                Object {
                  "root": "MuiCardContent-root",
                }
              }
            >
              <div
                className="MuiCardContent-root makeStyles-content-2"
              >
                <WithStyles(ForwardRef(Typography))
                  align="left"
                  className="makeStyles-description-3"
                  color="textSecondary"
                  component="p"
                  key="test-key"
                  variant="body2"
                >
                  <ForwardRef(Typography)
                    align="left"
                    className="makeStyles-description-3"
                    classes={
                      Object {
                        "alignCenter": "MuiTypography-alignCenter",
                        "alignJustify": "MuiTypography-alignJustify",
                        "alignLeft": "MuiTypography-alignLeft",
                        "alignRight": "MuiTypography-alignRight",
                        "body1": "MuiTypography-body1",
                        "body2": "MuiTypography-body2",
                        "button": "MuiTypography-button",
                        "caption": "MuiTypography-caption",
                        "colorError": "MuiTypography-colorError",
                        "colorInherit": "MuiTypography-colorInherit",
                        "colorPrimary": "MuiTypography-colorPrimary",
                        "colorSecondary": "MuiTypography-colorSecondary",
                        "colorTextPrimary": "MuiTypography-colorTextPrimary",
                        "colorTextSecondary": "MuiTypography-colorTextSecondary",
                        "displayBlock": "MuiTypography-displayBlock",
                        "displayInline": "MuiTypography-displayInline",
                        "gutterBottom": "MuiTypography-gutterBottom",
                        "h1": "MuiTypography-h1",
                        "h2": "MuiTypography-h2",
                        "h3": "MuiTypography-h3",
                        "h4": "MuiTypography-h4",
                        "h5": "MuiTypography-h5",
                        "h6": "MuiTypography-h6",
                        "noWrap": "MuiTypography-noWrap",
                        "overline": "MuiTypography-overline",
                        "paragraph": "MuiTypography-paragraph",
                        "root": "MuiTypography-root",
                        "srOnly": "MuiTypography-srOnly",
                        "subtitle1": "MuiTypography-subtitle1",
                        "subtitle2": "MuiTypography-subtitle2",
                      }
                    }
                    color="textSecondary"
                    component="p"
                    variant="body2"
                  >
                    <p
                      className="MuiTypography-root makeStyles-description-3 MuiTypography-body2 MuiTypography-colorTextSecondary MuiTypography-alignLeft"
                    >
                      test-key 
                      <span
                        className="makeStyles-detailValue-6"
                      >
                        test-value
                      </span>
                    </p>
                  </ForwardRef(Typography)>
                </WithStyles(ForwardRef(Typography))>
              </div>
            </ForwardRef(CardContent)>
          </WithStyles(ForwardRef(CardContent))>
        </div>
      </ForwardRef(Paper)>
    </WithStyles(ForwardRef(Paper))>
  </ForwardRef(Card)>
</WithStyles(ForwardRef(Card))>
`;
